LEARNING algorithm  n  selected_improves  last_improves  selected_to_last_mean  selected_to_last_max  regress_gt2  median_episodes  max_clob_loss  max_auction_loss
     ddpg 60                 58             56               0.330400              2.167270            1            550.0      16.744725          3.697643
      dqn 60                 60             60               0.422637              1.399966            0            550.0      17.132750          4.669117
      sac 60                 59             55               0.449817              1.761050            0            600.0      17.752698          3.153588
      td3 60                 57             55               0.528342              2.993457            3            650.0      35.490472          6.392433
WORST REGRESSIONS    market algorithm  seed    initial  selected      last  selected_to_last
      CAT       td3   577   3.112012  5.365552  2.372095          2.993457
      JPM      ddpg    42   1.153032  3.050750  0.883479          2.167270
     MSFT       td3   123  -0.134294  2.954300  0.807171          2.147128
      CAT       td3    42   4.325560  8.153605  6.074622          2.078983
      CAT       sac   314   5.263872 10.961243  9.200192          1.761050
    GOOGL       td3   123   2.718723  5.811507  4.112987          1.698520
      CAT      ddpg   123   7.342570 12.445683 10.796585          1.649098
      CAT       td3   123   7.170930  9.897132  8.268460          1.628672
     MSFT       td3    42   2.158104  4.052489  2.474884          1.577604
     MSFT       sac    99   0.958696  2.273793  0.720501          1.553292
      JPM       td3    42   1.117047  3.397080  1.867708          1.529372
Synthetic       dqn  1618 -31.820372  1.513678  0.113712          1.399966
INITIAL FAILURES market algorithm  seed   initial  selected      last
   CAT      ddpg  1618  8.301538  7.727518  7.566068
  MSFT      ddpg  1618 -1.230552 -2.327766 -2.501865
  MSFT       sac  1618 -1.388212 -2.150240 -2.920270
   JPM       td3   577  0.810009  0.472758  0.450890
  MSFT       td3  2718  1.633295  1.511654  1.082188
    PG       td3   577  9.153213  8.560578  8.427820
TEST INITIAL          n  improved  mean_gain
policy                         
ddpg    60        59   2.010323
dqn     60        60  36.179958
sac     60        59   2.004695
td3     60        56   2.299572
MACRO policy            metric      mean    ci_low   ci_high
    as     objective_bps  3.391021  2.707228  4.057198
    as       gap_dqn_bps -2.578030 -3.234330 -1.951977
    as auction_value_bps  0.021589  0.013886  0.030456
  ddpg     objective_bps  6.460075  5.998701  6.895334
  ddpg       gap_dqn_bps  0.491024 -0.004351  0.940747
  ddpg auction_value_bps  1.483082  1.074451  1.883596
   dqn     objective_bps  5.969051  5.525368  6.400725
   dqn       gap_dqn_bps  0.000000  0.000000  0.000000
   dqn auction_value_bps  0.392999  0.233675  0.583987
   sac     objective_bps  6.307959  5.783858  6.782985
   sac       gap_dqn_bps  0.338908 -0.156675  0.808180
   sac auction_value_bps  1.539294  0.977944  2.097163
   td3     objective_bps  6.480962  6.130722  6.816847
   td3       gap_dqn_bps  0.511911 -0.077816  1.045526
   td3 auction_value_bps  1.349579  0.927883  1.732249
  twap     objective_bps -2.530620 -2.790390 -2.267793
  twap       gap_dqn_bps -8.499671 -8.803427 -8.175001
  twap auction_value_bps  0.051861  0.041435  0.064516
AUCTION GAPS                       market policy     mean   ci_low  ci_high
                   Synthetic   ddpg 0.520910 0.082093 1.050964
                   Synthetic    td3 0.414888 0.020635 0.801150
                   Synthetic    sac 0.300587 0.032276 0.535848
Historical fixed-ticker mean   ddpg 1.090083 0.734441 1.458059
Historical fixed-ticker mean    td3 0.956580 0.570847 1.325616
Historical fixed-ticker mean    sac 1.146295 0.691212 1.609296
AUCTION NEGATIVE SEEDS                       mean       min  negative
market    policy                              
CAT       ddpg    1.452468  0.563034         0
          dqn     0.371793  0.052684         0
          sac     1.170008  0.200060         0
          td3     1.042178 -1.173569         1
GOOGL     ddpg    1.918917  0.616765         0
          dqn     0.630584  0.155739         0
          sac     1.980799  0.401667         0
          td3     1.829842  0.141175         0
JPM       ddpg    1.084399  0.296729         0
          dqn     0.200396 -0.023428         3
          sac     1.201224  0.139229         0
          td3     1.176190  0.274162         0
MSFT      ddpg    1.797371  0.496153         0
          dqn     0.469875 -0.198072         1
          sac     1.592447 -0.281300         1
          td3     1.430441  0.194465         0
PG        ddpg    1.162253  0.236380         0
          dqn     0.292345 -0.212641         1
          sac     1.751992  0.338053         0
          td3     1.269243 -0.106048         1
Synthetic ddpg    0.702996 -0.053051         2
          dqn     0.182086 -0.131925         4
          sac     0.482673 -0.135829         1
          td3     0.596974  0.010390         0
{'runs': 440, 'headline_runs': 240, 'training_episodes': 243750, 'evaluations_per_policy': 100, 'training_seeds': 10, 'git_shas': ['95fc54841616d2c2fd27865ec77e095d51e2b82b'], 'nonfinite_fields': [], 'report_input_hash_mismatches': [], 'accounting_checks': 'passed', 'selection_eligibility': 'passed', 'validation_test_seed_separation': 'passed', 'shaped_reward_identity_max_residual': 9.244160992238903e-12, 'replay_identity_max_residual': 1.7053025658242404e-13, 'matched_treatment_estimates_reproduced': 200}
