START synthetic__dqn_seed9901 (1/4 active)
START synthetic__ddpg_seed9901 (2/4 active)
START synthetic__td3_seed9901 (3/4 active)
START synthetic__sac_seed9901 (4/4 active)
DONE synthetic__dqn_seed9901 (1/72)
START synthetic__dqn_seed9902 (4/4 active)
DONE synthetic__ddpg_seed9901 (2/72)
START synthetic__ddpg_seed9902 (4/4 active)
DONE synthetic__td3_seed9901 (3/72)
START synthetic__td3_seed9902 (4/4 active)
DONE synthetic__sac_seed9901 (4/72)
START synthetic__sac_seed9902 (4/4 active)
DONE synthetic__dqn_seed9902 (5/72)
START MSFT__dqn_seed9901 (4/4 active)
DONE synthetic__ddpg_seed9902 (6/72)
START MSFT__ddpg_seed9901 (4/4 active)
DONE synthetic__td3_seed9902 (7/72)
START MSFT__td3_seed9901 (4/4 active)
DONE synthetic__sac_seed9902 (8/72)
START MSFT__sac_seed9901 (4/4 active)
DONE MSFT__dqn_seed9901 (9/72)
START MSFT__dqn_seed9902 (4/4 active)
DONE MSFT__ddpg_seed9901 (10/72)
START MSFT__ddpg_seed9902 (4/4 active)
DONE MSFT__td3_seed9901 (11/72)
START MSFT__td3_seed9902 (4/4 active)
DONE MSFT__sac_seed9901 (12/72)
START MSFT__sac_seed9902 (4/4 active)
DONE MSFT__dqn_seed9902 (13/72)
START mechanism_fixed_anchor__dqn_seed9901 (4/4 active)
DONE MSFT__ddpg_seed9902 (14/72)
START mechanism_fixed_anchor__ddpg_seed9901 (4/4 active)
DONE MSFT__td3_seed9902 (15/72)
START mechanism_fixed_anchor__td3_seed9901 (4/4 active)
DONE mechanism_fixed_anchor__dqn_seed9901 (16/72)
START mechanism_fixed_anchor__sac_seed9901 (4/4 active)
DONE MSFT__sac_seed9902 (17/72)
START mechanism_fixed_anchor__dqn_seed9902 (4/4 active)
DONE mechanism_fixed_anchor__ddpg_seed9901 (18/72)
START mechanism_fixed_anchor__ddpg_seed9902 (4/4 active)
DONE mechanism_fixed_anchor__td3_seed9901 (19/72)
START mechanism_fixed_anchor__td3_seed9902 (4/4 active)
DONE mechanism_fixed_anchor__dqn_seed9902 (20/72)
START mechanism_fixed_anchor__sac_seed9902 (4/4 active)
DONE mechanism_fixed_anchor__sac_seed9901 (21/72)
START mechanism_economic_dense__dqn_seed9901 (4/4 active)
DONE mechanism_fixed_anchor__ddpg_seed9902 (22/72)
START mechanism_economic_dense__ddpg_seed9901 (4/4 active)
DONE mechanism_fixed_anchor__td3_seed9902 (23/72)
START mechanism_economic_dense__td3_seed9901 (4/4 active)
DONE mechanism_economic_dense__dqn_seed9901 (24/72)
START mechanism_economic_dense__sac_seed9901 (4/4 active)
DONE mechanism_fixed_anchor__sac_seed9902 (25/72)
START mechanism_economic_dense__dqn_seed9902 (4/4 active)
DONE mechanism_economic_dense__ddpg_seed9901 (26/72)
DONE mechanism_economic_dense__dqn_seed9902 (27/72)
START mechanism_economic_dense__ddpg_seed9902 (3/4 active)
START mechanism_economic_dense__td3_seed9902 (4/4 active)
DONE mechanism_economic_dense__td3_seed9901 (28/72)
START mechanism_economic_dense__sac_seed9902 (4/4 active)
DONE mechanism_economic_dense__sac_seed9901 (29/72)
START mechanism_economic_sparse__dqn_seed9901 (4/4 active)
DONE mechanism_economic_sparse__dqn_seed9901 (30/72)
START mechanism_economic_sparse__ddpg_seed9901 (4/4 active)
DONE mechanism_economic_dense__ddpg_seed9902 (31/72)
DONE mechanism_economic_dense__td3_seed9902 (32/72)
START mechanism_economic_sparse__td3_seed9901 (3/4 active)
START mechanism_economic_sparse__sac_seed9901 (4/4 active)
DONE mechanism_economic_dense__sac_seed9902 (33/72)
START mechanism_economic_sparse__dqn_seed9902 (4/4 active)
DONE mechanism_economic_sparse__dqn_seed9902 (34/72)
START mechanism_economic_sparse__ddpg_seed9902 (4/4 active)
DONE mechanism_economic_sparse__ddpg_seed9901 (35/72)
START mechanism_economic_sparse__td3_seed9902 (4/4 active)
DONE mechanism_economic_sparse__td3_seed9901 (36/72)
START mechanism_economic_sparse__sac_seed9902 (4/4 active)
DONE mechanism_economic_sparse__sac_seed9901 (37/72)
START mechanism_h_feature_off__dqn_seed9901 (4/4 active)
DONE mechanism_h_feature_off__dqn_seed9901 (38/72)
START mechanism_h_feature_off__ddpg_seed9901 (4/4 active)
DONE mechanism_economic_sparse__ddpg_seed9902 (39/72)
DONE mechanism_economic_sparse__td3_seed9902 (40/72)
START mechanism_h_feature_off__td3_seed9901 (3/4 active)
START mechanism_h_feature_off__sac_seed9901 (4/4 active)
DONE mechanism_economic_sparse__sac_seed9902 (41/72)
START mechanism_h_feature_off__dqn_seed9902 (4/4 active)
DONE mechanism_h_feature_off__ddpg_seed9901 (42/72)
START mechanism_h_feature_off__ddpg_seed9902 (4/4 active)
DONE mechanism_h_feature_off__dqn_seed9902 (43/72)
START mechanism_h_feature_off__td3_seed9902 (4/4 active)
DONE mechanism_h_feature_off__td3_seed9901 (44/72)
START mechanism_h_feature_off__sac_seed9902 (4/4 active)
DONE mechanism_h_feature_off__sac_seed9901 (45/72)
START mechanism_clob_shaping__dqn_seed9901 (4/4 active)
DONE mechanism_clob_shaping__dqn_seed9901 (46/72)
START mechanism_clob_shaping__ddpg_seed9901 (4/4 active)
DONE mechanism_h_feature_off__ddpg_seed9902 (47/72)
START mechanism_clob_shaping__td3_seed9901 (4/4 active)
DONE mechanism_h_feature_off__td3_seed9902 (48/72)
START mechanism_clob_shaping__sac_seed9901 (4/4 active)
DONE mechanism_h_feature_off__sac_seed9902 (49/72)
START mechanism_clob_shaping__dqn_seed9902 (4/4 active)
DONE mechanism_clob_shaping__ddpg_seed9901 (50/72)
START mechanism_clob_shaping__ddpg_seed9902 (4/4 active)
DONE mechanism_clob_shaping__dqn_seed9902 (51/72)
START mechanism_clob_shaping__td3_seed9902 (4/4 active)
DONE mechanism_clob_shaping__td3_seed9901 (52/72)
START mechanism_clob_shaping__sac_seed9902 (4/4 active)
DONE mechanism_clob_shaping__sac_seed9901 (53/72)
START mechanism_auction_shaping__dqn_seed9901 (4/4 active)
DONE mechanism_auction_shaping__dqn_seed9901 (54/72)
START mechanism_auction_shaping__ddpg_seed9901 (4/4 active)
DONE mechanism_clob_shaping__ddpg_seed9902 (55/72)
START mechanism_auction_shaping__td3_seed9901 (4/4 active)
DONE mechanism_clob_shaping__td3_seed9902 (56/72)
START mechanism_auction_shaping__sac_seed9901 (4/4 active)
DONE mechanism_clob_shaping__sac_seed9902 (57/72)
START mechanism_auction_shaping__dqn_seed9902 (4/4 active)
DONE mechanism_auction_shaping__dqn_seed9902 (58/72)
START mechanism_auction_shaping__ddpg_seed9902 (4/4 active)
DONE mechanism_auction_shaping__ddpg_seed9901 (59/72)
START mechanism_auction_shaping__td3_seed9902 (4/4 active)
DONE mechanism_auction_shaping__td3_seed9901 (60/72)
START mechanism_auction_shaping__sac_seed9902 (4/4 active)
DONE mechanism_auction_shaping__sac_seed9901 (61/72)
START no_auction__dqn_seed9901 (4/4 active)
DONE no_auction__dqn_seed9901 (62/72)
START no_auction__ddpg_seed9901 (4/4 active)
DONE mechanism_auction_shaping__ddpg_seed9902 (63/72)
START no_auction__td3_seed9901 (4/4 active)
DONE mechanism_auction_shaping__td3_seed9902 (64/72)
START no_auction__sac_seed9901 (4/4 active)
DONE mechanism_auction_shaping__sac_seed9902 (65/72)
START no_auction__dqn_seed9902 (4/4 active)
DONE no_auction__ddpg_seed9901 (66/72)
START no_auction__ddpg_seed9902 (4/4 active)
DONE no_auction__dqn_seed9902 (67/72)
START no_auction__td3_seed9902 (4/4 active)
DONE no_auction__td3_seed9901 (68/72)
START no_auction__sac_seed9902 (4/4 active)
DONE no_auction__sac_seed9901 (69/72)
DONE no_auction__ddpg_seed9902 (70/72)
DONE no_auction__td3_seed9902 (71/72)
DONE no_auction__sac_seed9902 (72/72)
All runs completed; generating the research report once.
Research report: results/_verification_v19_smoke/_development/index.html
