........................................................................ [ 12%]
........................................................................ [ 24%]
........................................................................ [ 36%]
........................................................................ [ 48%]
........................................................................ [ 61%]
........................................................................ [ 73%]
........................................................................ [ 85%]
........................................................................ [ 97%]
..............                                                           [100%]
=============================== warnings summary ===============================
tests/audit/test_legacy_characterization.py::test_synthetic_fixed_policy[101]
  main.py[truncated]:65: SyntaxWarning: "\m" is an invalid escape sequence. Such sequences will not work in the future. Did you mean "\\m"? A raw string is also an option.

tests/audit/test_legacy_characterization.py::test_synthetic_fixed_policy[101]
  main.py[truncated]:80: SyntaxWarning: "\m" is an invalid escape sequence. Such sequences will not work in the future. Did you mean "\\m"? A raw string is also an option.

tests/audit/test_legacy_characterization.py::test_synthetic_fixed_policy[101]
  main.py[truncated]:103: SyntaxWarning: "\d" is an invalid escape sequence. Such sequences will not work in the future. Did you mean "\\d"? A raw string is also an option.

tests/audit/test_legacy_characterization.py::test_synthetic_fixed_policy[101]
  main.py[truncated]:1391: SyntaxWarning: "\m" is an invalid escape sequence. Such sequences will not work in the future. Did you mean "\\m"? A raw string is also an option.

tests/test_make_figures.py::test_missing_requested_trace_returns_nonzero
tests/test_make_figures.py::test_missing_requested_trace_returns_nonzero
  /Users/juliusgraf/Learning-Market-Making/src/lmm/experiments/plotting.py:139: UserWarning: missing /private/var/folders/b_/d4crx28d0235248h85260x280000gn/T/pytest-of-juliusgraf/pytest-545/test_missing_requested_trace_r0/run_dqn/eval/traces/dqn_ep0.csv
    return _read_csv(Path(run_dir) / "eval" / "traces" / f"{policy}_ep{episode}.csv")

tests/test_make_figures.py::test_missing_requested_trace_returns_nonzero
  /Users/juliusgraf/Learning-Market-Making/tests/test_make_figures.py:156: UserWarning: missing or empty required input artifact: /private/var/folders/b_/d4crx28d0235248h85260x280000gn/T/pytest-of-juliusgraf/pytest-545/test_missing_requested_trace_r0/run_dqn/eval/traces/dqn_ep0.csv
    rc = make_figures.main(

tests/test_make_figures.py::test_missing_requested_trace_returns_nonzero
  /Users/juliusgraf/Learning-Market-Making/tests/test_make_figures.py:156: UserWarning: figure 'episode_anatomy' did not generate required artifact /private/var/folders/b_/d4crx28d0235248h85260x280000gn/T/pytest-of-juliusgraf/pytest-545/test_missing_requested_trace_r0/out/episode_anatomy.pdf
    rc = make_figures.main(

tests/test_make_figures.py::test_missing_requested_trace_returns_nonzero
  /Users/juliusgraf/Learning-Market-Making/tests/test_make_figures.py:156: UserWarning: figure 'episode_anatomy' did not generate required artifact /private/var/folders/b_/d4crx28d0235248h85260x280000gn/T/pytest-of-juliusgraf/pytest-545/test_missing_requested_trace_r0/out/episode_anatomy.png
    rc = make_figures.main(

tests/test_make_figures.py::test_missing_requested_trace_returns_nonzero
  /Users/juliusgraf/Learning-Market-Making/tests/test_make_figures.py:156: UserWarning: figure 'cancellation_strategy' did not generate required artifact /private/var/folders/b_/d4crx28d0235248h85260x280000gn/T/pytest-of-juliusgraf/pytest-545/test_missing_requested_trace_r0/out/cancellation_strategy.pdf
    rc = make_figures.main(

tests/test_make_figures.py::test_missing_requested_trace_returns_nonzero
  /Users/juliusgraf/Learning-Market-Making/tests/test_make_figures.py:156: UserWarning: figure 'cancellation_strategy' did not generate required artifact /private/var/folders/b_/d4crx28d0235248h85260x280000gn/T/pytest-of-juliusgraf/pytest-545/test_missing_requested_trace_r0/out/cancellation_strategy.png
    rc = make_figures.main(

tests/test_make_tables.py::test_generation_failure_returns_nonzero
  /Users/juliusgraf/Learning-Market-Making/tests/test_make_tables.py:92: UserWarning: table 'eval_summary[synthetic_rough_heston]' failed: "all revised artifacts must contain 'risk_adjusted_pnl'"
    rc = make_tables.main(

tests/test_make_tables.py::test_multiseed_request_requires_two_seeds
  /Users/juliusgraf/Learning-Market-Making/tests/test_make_tables.py:99: UserWarning: --multiseed: synthetic_rough_heston has <2 seeds
    rc = make_tables.main(

tests/test_make_tables.py::test_multiseed_request_requires_two_seeds
  /Users/juliusgraf/Learning-Market-Making/tests/test_make_tables.py:99: UserWarning: no multiseed table artifacts were generated
    rc = make_tables.main(

-- Docs: https://docs.pytest.org/en/stable/how-to/capture-warnings.html
590 passed, 23 deselected, 14 warnings in 171.50s (0:02:51)
