                     run algorithm  seed  episodes    status  control_exploration     centered_phases  known_fee  selected_episode  selected_validation  paths       pnl  objective  auction_value  auction_value_se   cancels  opening_abs_inventory  final_abs_inventory  as_objective  twap_objective
     auction_centered853       dqn   853       200 completed                  0.5         ['auction']      False               104             3.289382    128  3.847928   3.284260      -0.012185          0.107326  4.078125               3.866478             3.996649      2.525269       -3.652468
     auction_centered881       dqn   881       200 completed                  0.5         ['auction']      False               200             9.708797    128 10.067136   8.194499       0.304267          0.087005  2.507812               8.592537             7.992387      3.983593       -0.687510
     auction_centered911       dqn   911       200 completed                  0.5         ['auction']      False               200             4.792480    128  3.587538   2.681486       0.121987          0.094795  3.703125               4.442322             4.165067      1.715130       -6.203967
auction_centered_msft887       dqn   887       200 completed                  0.5         ['auction']      False               200             5.378075    128  7.157940   3.547912       0.818601          0.193002  3.039062              12.806049            11.438364      1.681175       -1.751360
             centered853       dqn   853       200 completed                  0.5 ['clob', 'auction']      False               104             0.056870    128  4.304589   1.994906       0.235355          0.263196  2.031250              11.426246            11.279641      2.525269       -3.652468
             centered881       dqn   881       200 completed                  0.5 ['clob', 'auction']      False               150             4.955058    128  6.832178   3.911863       0.001806          0.114156  3.093750              12.315212            12.689544      3.983593       -0.687510
       centered_exact853       dqn   853       200 completed                  0.5 ['clob', 'auction']      False               200            -0.311836    128  4.047030   1.780666       0.480064          0.179908  1.140625              15.214464            12.405640      2.525269       -3.652468
       centered_exact881       dqn   881       200 completed                  0.5 ['clob', 'auction']      False               150             3.841803    128  6.282707   3.579158      -0.026825          0.059996  3.601562              12.522789            12.640644      3.983593       -0.687510
       centered_exact911       dqn   911       200 completed                  0.5 ['clob', 'auction']      False               104             3.397622    128  1.868551   0.464583       0.292031          0.239973  5.882812               6.859370             6.052221      1.715130       -6.203967
  centered_exact_msft887       dqn   887       200 completed                  0.5 ['clob', 'auction']      False               150             5.134957    128  5.411591   2.634017       0.530323          0.174496  1.781250              10.792564             9.576822      1.681175       -1.751360
             controls853       dqn   853       200 completed                  0.5                  []      False               104             3.181652    128  3.598293   2.582776      -0.198179          0.112754 12.632812               5.171666             5.395264      2.525269       -3.652468
             controls881       dqn   881       200 completed                  0.5                  []      False               200             9.585390    128  9.657997   7.861253       1.354731          0.258570  7.531250              12.204886             8.648963      3.983593       -0.687510
                 ddpg911      ddpg   911       200 completed                  0.0                  []      False               200             6.424137    128  4.911432   4.209905       0.220485          0.075770  1.484375               2.932473             4.154571      1.715130       -6.203967
               frozen929       dqn   929       200 completed                  0.5         ['auction']      False               200             5.526338    128  4.864837   2.778795      -0.044013          0.068316  5.585938               8.473030             8.578227      2.024725       -4.349628
            known_fee853       dqn   853       200 completed                  0.5         ['auction']       True               104             2.986380    128  3.483313   2.839923      -0.179425          0.137818  4.031250               3.862139             4.401614      2.525269       -3.652468
            known_fee929       dqn   929       200 completed                  0.5         ['auction']       True               104             5.681415    128  6.467055   2.924304       0.098448          0.078389  6.226562              11.893363            11.948632      2.024725       -4.349628
            known_fee941       dqn   941       200 completed                  0.5         ['auction']       True               104             1.856213    128  3.851314   3.296457      -0.040365          0.077820  5.664062               3.569002             3.996846      0.419807       -7.709010
             one_step853       dqn   853       200 completed                  0.5         ['auction']      False               200             2.593843    128  5.140912   2.953467       0.301082          0.303098  7.390625               7.645881             7.495398      2.525269       -3.652468
             one_step881       dqn   881       200 completed                  0.5         ['auction']      False               150             8.412799    128  8.755551   7.964081      -0.046956          0.106899  3.351562               4.815307             5.695889      3.983593       -0.687510
             one_step929       dqn   929       200 completed                  0.5         ['auction']      False               150             7.500018    128  5.700064   3.807345       0.310032          0.188503  5.625000               9.445831             8.864643      2.024725       -4.349628
             one_step947       dqn   947       200 completed                  0.5         ['auction']      False                99             2.354984    128  5.106494   3.795516       0.772634          0.195506  4.242188               6.912175             6.344134      2.798089       -7.357624
        one_step_msft887       dqn   887       200 completed                  0.5         ['auction']      False               200             6.264005    128  6.951420   3.889490       0.648707          0.150433  2.000000              12.232983            11.470720      1.681175       -1.751360
                  sac911       sac   911       200 completed                  0.0                  []      False               100             5.571038    128  3.555546   1.767593       1.597166          0.522296  3.843750               7.267763             8.640079      1.715130       -6.203967
                  td3911       td3   911       200 completed                  0.0                  []      False               150             5.915925    128  4.026213   2.261297       0.401098          0.117885  2.796875               6.206640             6.019897      1.715130       -6.203967
               warmup853       dqn   853       200 completed                  0.0                  []      False               200             0.529018    128  2.398368   0.452811      -0.238619          0.071425 12.523438               6.665456             6.799449      2.525269       -3.652468
               warmup881       dqn   881       200 completed                  0.0                  []      False               200             8.450569    128  8.436588   7.746394      -0.065082          0.042505  5.804688               4.398207             4.446370      3.983593       -0.687510
                   run  paths  objective      pnl  auction_value  auction_value_se    ci_low   ci_high   cancels  opening_abs_inventory  final_abs_inventory  price_edge  risk_relief     fees
    controls_values853     64   0.599311 1.713437      -0.287471          0.142905 -0.567565 -0.007377 12.218750               4.777808             5.290933    0.046346    -0.149693 0.184125
    fee_fixed_paths853    512   3.052502 3.805262      -0.114022          0.075827 -0.262642  0.034599  3.873047               4.510042             4.928502   -0.217650     0.149746 0.046117
    fee_fixed_paths929    512   2.694446 6.333238       0.052321          0.051366 -0.048356  0.152998  5.121094              11.612154            11.805159    0.052855     0.080812 0.081346
    fee_fixed_paths941    512   5.507728 6.088670      -0.086533          0.018498 -0.122788 -0.050277  5.902344               3.685947             4.242557    0.036701    -0.031353 0.091881
        fixed_paths853    512   2.081853 2.865087      -0.050250          0.089698 -0.226058  0.125558  4.089844               4.516083             5.043488   -0.085666     0.090066 0.054650
        fixed_paths881    512   3.175482 5.625280       0.273932          0.054825  0.166474  0.381389  2.646484              10.026324             9.545072    0.004967     0.304273 0.035309
        fixed_paths911    512   2.355994 3.397386      -0.001888          0.026396 -0.053625  0.049849  3.908203               4.129318             4.327947    0.034713     0.024913 0.061514
        fixed_paths929    512   2.275780 4.365418      -0.137994          0.042549 -0.221390 -0.054598  5.531250               8.213823             8.606581   -0.022019    -0.039866 0.076109
    old_fixed_paths853    512   1.129217 1.590402      -0.178320          0.025415 -0.228133 -0.128508 10.074219               2.870586             3.182422    0.002263    -0.031905 0.148678
    old_fixed_paths881    512   3.396549 4.288033      -0.008054          0.030050 -0.066951  0.050844  8.830078               4.786488             5.016478    0.022517     0.071119 0.101689
    one_fixed_paths853    512  -0.306643 1.548708       0.553892          0.135760  0.287802  0.819983  6.457031               8.312812             7.831318    0.090965     0.528978 0.066051
    one_fixed_paths881    512   0.891452 2.136203      -0.148064          0.094795 -0.333863  0.037735  3.375000               6.117969             6.847290   -0.151497     0.052934 0.049502
    one_fixed_paths929    512   0.811890 2.632344       0.436751          0.090275  0.259811  0.613691  6.136719               9.685335             8.758849   -0.090806     0.604032 0.076475
    one_fixed_paths947    512   0.409813 2.170078       0.849874          0.118096  0.618405  1.081342  3.572266               8.634762             8.000534    0.289048     0.619054 0.058229
three_matched_paths853    512  -0.526855 0.334466      -0.116508          0.104907 -0.322125  0.089109  3.908203               4.537975             5.156018   -0.119036     0.052188 0.049660
three_matched_paths929    512  -0.541731 2.081550      -0.219585          0.064458 -0.345923 -0.093247  5.750000               9.394615             9.779876   -0.048606    -0.093555 0.077424
     values881_checked     64   8.748300 9.634618      -0.035223          0.066912 -0.166370  0.095925  8.843750               5.337026             5.545899    0.027001     0.045886 0.108109
